
computer@computer-PC MINGW64 /c/AGitLearning/Learning
$ git clone https://github.com/amitkhosla007/test.git
Cloning into 'test'...
remote: Enumerating objects: 11, done.
remote: Counting objects: 100% (11/11), done.
remote: Compressing objects: 100% (7/7), done.
remote: Total 11 (delta 2), reused 7 (delta 1), pack-reused 0
Unpacking objects: 100% (11/11), done.

computer@computer-PC MINGW64 /c/AGitLearning/Learning
$ cd ^C

computer@computer-PC MINGW64 /c/AGitLearning/Learning
$ cd

computer@computer-PC MINGW64 ~
$ ^C

computer@computer-PC MINGW64 ~
$ cd /c/AGitLearning/Learning

computer@computer-PC MINGW64 /c/AGitLearning/Learning
$ ls -la
total 8
drwxr-xr-x 1 computer 197121 0 Jan  5 23:56 ./
drwxr-xr-x 1 computer 197121 0 Jan  3 17:00 ../
drwxr-xr-x 1 computer 197121 0 Jan  4 10:37 Demoapp/
drwxr-xr-x 1 computer 197121 0 Jan  5 23:56 test/

computer@computer-PC MINGW64 /c/AGitLearning/Learning
$ cd /c/AGitLearning/Learning/test

computer@computer-PC MINGW64 /c/AGitLearning/Learning/test (master)
$ ls -la
total 15
drwxr-xr-x 1 computer 197121    0 Jan  5 23:56  ./
drwxr-xr-x 1 computer 197121    0 Jan  5 23:56  ../
drwxr-xr-x 1 computer 197121    0 Jan  5 23:56  .git/
-rw-r--r-- 1 computer 197121    8 Jan  5 23:56  newfile
-rw-r--r-- 1 computer 197121   15 Jan  5 23:56 'Readme - Copy - Copy.md'
-rw-r--r-- 1 computer 197121   15 Jan  5 23:56 'Readme - Copy.md'
-rw-r--r-- 1 computer 197121 3684 Jan  5 23:56  Readme.md

computer@computer-PC MINGW64 /c/AGitLearning/Learning/test (master)
$ git status
On branch master
Your branch is up to date with 'origin/master'.

nothing to commit, working tree clean

computer@computer-PC MINGW64 /c/AGitLearning/Learning/test (master)
$ ^C

computer@computer-PC MINGW64 /c/AGitLearning/Learning/test (master)
$

computer@computer-PC MINGW64 /c/AGitLearning/Learning/test (master)
$ notepad++
error: C:\Users\computer\AppData\Roaming\Notepad++\plugins\Config\Hunspell\en_US.usr: cannot open

computer@computer-PC MINGW64 /c/AGitLearning/Learning/test (master)
$ git status
On branch master
Your branch is up to date with 'origin/master'.

nothing to commit, working tree clean

computer@computer-PC MINGW64 /c/AGitLearning/Learning/test (master)
$ git status
On branch master
Your branch is up to date with 'origin/master'.

Untracked files:
  (use "git add <file>..." to include in what will be committed)

        new 1.txt

nothing added to commit but untracked files present (use "git add" to track)

computer@computer-PC MINGW64 /c/AGitLearning/Learning/test (master)
$ git add
Nothing specified, nothing added.
Maybe you wanted to say 'git add .'?

computer@computer-PC MINGW64 /c/AGitLearning/Learning/test (master)
$ git add .

computer@computer-PC MINGW64 /c/AGitLearning/Learning/test (master)
$ git status
On branch master
Your branch is up to date with 'origin/master'.

Changes to be committed:
  (use "git reset HEAD <file>..." to unstage)

        new file:   new 1.txt


computer@computer-PC MINGW64 /c/AGitLearning/Learning/test (master)
$ git commit "New File is added"
error: pathspec 'New File is added' did not match any file(s) known to git

computer@computer-PC MINGW64 /c/AGitLearning/Learning/test (master)
$ git commit new 1.txt "New File is added"
error: pathspec 'new' did not match any file(s) known to git
error: pathspec '1.txt' did not match any file(s) known to git
error: pathspec 'New File is added' did not match any file(s) known to git

computer@computer-PC MINGW64 /c/AGitLearning/Learning/test (master)
$ git commit -m "New File is added"
[master d95572b] New File is added
 1 file changed, 56 insertions(+)
 create mode 100644 new 1.txt

computer@computer-PC MINGW64 /c/AGitLearning/Learning/test (master)
$ git status
On branch master
Your branch is ahead of 'origin/master' by 1 commit.
  (use "git push" to publish your local commits)

nothing to commit, working tree clean

computer@computer-PC MINGW64 /c/AGitLearning/Learning/test (master)
$ git push origin master
Enumerating objects: 4, done.
Counting objects: 100% (4/4), done.
Delta compression using up to 4 threads
Compressing objects: 100% (3/3), done.
Writing objects: 100% (3/3), 750 bytes | 375.00 KiB/s, done.
Total 3 (delta 1), reused 0 (delta 0)
remote: Resolving deltas: 100% (1/1), completed with 1 local object.
To https://github.com/amitkhosla007/test.git
   603a354..d95572b  master -> master

computer@computer-PC MINGW64 /c/AGitLearning/Learning/test (master)
$ git status
On branch master
Your branch is up to date with 'origin/master'.

nothing to commit, working tree clean

computer@computer-PC MINGW64 /c/AGitLearning/Learning/test (master)
$ ^C

computer@computer-PC MINGW64 /c/AGitLearning/Learning/test (master)
$
